Analysis & Synthesis report for controlador_timeout
Fri Feb 13 12:40:28 2026
Quartus II 64-Bit Version 13.0.1 Build 232 06/12/2013 Service Pack 1 SJ Web Edition


---------------------
; Table of Contents ;
---------------------
  1. Legal Notice
  2. Analysis & Synthesis Summary
  3. Analysis & Synthesis Settings
  4. Parallel Compilation
  5. Analysis & Synthesis Source Files Read
  6. Analysis & Synthesis Resource Usage Summary
  7. Analysis & Synthesis Resource Utilization by Entity
  8. Analysis & Synthesis RAM Summary
  9. State Machine - |controlador_main|UART_RX:inst|r_SM_Main
 10. State Machine - |controlador_main|controlador:inst9|state
 11. State Machine - |controlador_main|UART_TX:inst1|r_SM_Main
 12. User-Specified and Inferred Latches
 13. General Register Statistics
 14. Registers Packed Into Inferred Megafunctions
 15. Multiplexer Restructuring Statistics (Restructuring Performed)
 16. Source assignments for single_port_ram:inst5|altsyncram:ram_rtl_0|altsyncram_ac41:auto_generated
 17. Parameter Settings for User Entity Instance: UART_TX:inst1
 18. Parameter Settings for User Entity Instance: UART_RX:inst
 19. Parameter Settings for User Entity Instance: single_port_ram:inst5
 20. Parameter Settings for User Entity Instance: BUSMUX:inst4
 21. Parameter Settings for Inferred Entity Instance: single_port_ram:inst5|altsyncram:ram_rtl_0
 22. altsyncram Parameter Settings by Entity Instance
 23. Elapsed Time Per Partition
 24. Analysis & Synthesis Messages



----------------
; Legal Notice ;
----------------
Copyright (C) 1991-2013 Altera Corporation
Your use of Altera Corporation's design tools, logic functions 
and other software and tools, and its AMPP partner logic 
functions, and any output files from any of the foregoing 
(including device programming or simulation files), and any 
associated documentation or information are expressly subject 
to the terms and conditions of the Altera Program License 
Subscription Agreement, Altera MegaCore Function License 
Agreement, or other applicable license agreement, including, 
without limitation, that your use is for the sole purpose of 
programming logic devices manufactured by Altera and sold by 
Altera or its authorized distributors.  Please refer to the 
applicable agreement for further details.



+--------------------------------------------------------------------------------------+
; Analysis & Synthesis Summary                                                         ;
+------------------------------------+-------------------------------------------------+
; Analysis & Synthesis Status        ; Successful - Fri Feb 13 12:40:28 2026           ;
; Quartus II 64-Bit Version          ; 13.0.1 Build 232 06/12/2013 SP 1 SJ Web Edition ;
; Revision Name                      ; controlador_timeout                             ;
; Top-level Entity Name              ; controlador_main                                ;
; Family                             ; Cyclone IV E                                    ;
; Total logic elements               ; 212                                             ;
;     Total combinational functions  ; 196                                             ;
;     Dedicated logic registers      ; 89                                              ;
; Total registers                    ; 89                                              ;
; Total pins                         ; 32                                              ;
; Total virtual pins                 ; 0                                               ;
; Total memory bits                  ; 512                                             ;
; Embedded Multiplier 9-bit elements ; 0                                               ;
; Total PLLs                         ; 0                                               ;
+------------------------------------+-------------------------------------------------+


+-----------------------------------------------------------------------------------------------------------------------+
; Analysis & Synthesis Settings                                                                                         ;
+----------------------------------------------------------------------------+--------------------+---------------------+
; Option                                                                     ; Setting            ; Default Value       ;
+----------------------------------------------------------------------------+--------------------+---------------------+
; Device                                                                     ; EP4CE115F29C7      ;                     ;
; Top-level entity name                                                      ; controlador_main   ; controlador_timeout ;
; Family name                                                                ; Cyclone IV E       ; Cyclone IV GX       ;
; Use smart compilation                                                      ; Off                ; Off                 ;
; Enable parallel Assembler and TimeQuest Timing Analyzer during compilation ; On                 ; On                  ;
; Enable compact report table                                                ; Off                ; Off                 ;
; Restructure Multiplexers                                                   ; Auto               ; Auto                ;
; Create Debugging Nodes for IP Cores                                        ; Off                ; Off                 ;
; Preserve fewer node names                                                  ; On                 ; On                  ;
; Disable OpenCore Plus hardware evaluation                                  ; Off                ; Off                 ;
; Verilog Version                                                            ; Verilog_2001       ; Verilog_2001        ;
; VHDL Version                                                               ; VHDL_1993          ; VHDL_1993           ;
; State Machine Processing                                                   ; Auto               ; Auto                ;
; Safe State Machine                                                         ; Off                ; Off                 ;
; Extract Verilog State Machines                                             ; On                 ; On                  ;
; Extract VHDL State Machines                                                ; On                 ; On                  ;
; Ignore Verilog initial constructs                                          ; Off                ; Off                 ;
; Iteration limit for constant Verilog loops                                 ; 5000               ; 5000                ;
; Iteration limit for non-constant Verilog loops                             ; 250                ; 250                 ;
; Add Pass-Through Logic to Inferred RAMs                                    ; On                 ; On                  ;
; Infer RAMs from Raw Logic                                                  ; On                 ; On                  ;
; Parallel Synthesis                                                         ; On                 ; On                  ;
; DSP Block Balancing                                                        ; Auto               ; Auto                ;
; NOT Gate Push-Back                                                         ; On                 ; On                  ;
; Power-Up Don't Care                                                        ; On                 ; On                  ;
; Remove Redundant Logic Cells                                               ; Off                ; Off                 ;
; Remove Duplicate Registers                                                 ; On                 ; On                  ;
; Ignore CARRY Buffers                                                       ; Off                ; Off                 ;
; Ignore CASCADE Buffers                                                     ; Off                ; Off                 ;
; Ignore GLOBAL Buffers                                                      ; Off                ; Off                 ;
; Ignore ROW GLOBAL Buffers                                                  ; Off                ; Off                 ;
; Ignore LCELL Buffers                                                       ; Off                ; Off                 ;
; Ignore SOFT Buffers                                                        ; On                 ; On                  ;
; Limit AHDL Integers to 32 Bits                                             ; Off                ; Off                 ;
; Optimization Technique                                                     ; Balanced           ; Balanced            ;
; Carry Chain Length                                                         ; 70                 ; 70                  ;
; Auto Carry Chains                                                          ; On                 ; On                  ;
; Auto Open-Drain Pins                                                       ; On                 ; On                  ;
; Perform WYSIWYG Primitive Resynthesis                                      ; Off                ; Off                 ;
; Auto ROM Replacement                                                       ; On                 ; On                  ;
; Auto RAM Replacement                                                       ; On                 ; On                  ;
; Auto DSP Block Replacement                                                 ; On                 ; On                  ;
; Auto Shift Register Replacement                                            ; Auto               ; Auto                ;
; Allow Shift Register Merging across Hierarchies                            ; Auto               ; Auto                ;
; Auto Clock Enable Replacement                                              ; On                 ; On                  ;
; Strict RAM Replacement                                                     ; Off                ; Off                 ;
; Allow Synchronous Control Signals                                          ; On                 ; On                  ;
; Force Use of Synchronous Clear Signals                                     ; Off                ; Off                 ;
; Auto RAM Block Balancing                                                   ; On                 ; On                  ;
; Auto RAM to Logic Cell Conversion                                          ; Off                ; Off                 ;
; Auto Resource Sharing                                                      ; Off                ; Off                 ;
; Allow Any RAM Size For Recognition                                         ; Off                ; Off                 ;
; Allow Any ROM Size For Recognition                                         ; Off                ; Off                 ;
; Allow Any Shift Register Size For Recognition                              ; Off                ; Off                 ;
; Use LogicLock Constraints during Resource Balancing                        ; On                 ; On                  ;
; Ignore translate_off and synthesis_off directives                          ; Off                ; Off                 ;
; Timing-Driven Synthesis                                                    ; On                 ; On                  ;
; Report Parameter Settings                                                  ; On                 ; On                  ;
; Report Source Assignments                                                  ; On                 ; On                  ;
; Report Connectivity Checks                                                 ; On                 ; On                  ;
; Ignore Maximum Fan-Out Assignments                                         ; Off                ; Off                 ;
; Synchronization Register Chain Length                                      ; 2                  ; 2                   ;
; PowerPlay Power Optimization                                               ; Normal compilation ; Normal compilation  ;
; HDL message level                                                          ; Level2             ; Level2              ;
; Suppress Register Optimization Related Messages                            ; Off                ; Off                 ;
; Number of Removed Registers Reported in Synthesis Report                   ; 5000               ; 5000                ;
; Number of Swept Nodes Reported in Synthesis Report                         ; 5000               ; 5000                ;
; Number of Inverted Registers Reported in Synthesis Report                  ; 100                ; 100                 ;
; Clock MUX Protection                                                       ; On                 ; On                  ;
; Auto Gated Clock Conversion                                                ; Off                ; Off                 ;
; Block Design Naming                                                        ; Auto               ; Auto                ;
; SDC constraint protection                                                  ; Off                ; Off                 ;
; Synthesis Effort                                                           ; Auto               ; Auto                ;
; Shift Register Replacement - Allow Asynchronous Clear Signal               ; On                 ; On                  ;
; Pre-Mapping Resynthesis Optimization                                       ; Off                ; Off                 ;
; Analysis & Synthesis Message Level                                         ; Medium             ; Medium              ;
; Disable Register Merging Across Hierarchies                                ; Auto               ; Auto                ;
; Resource Aware Inference For Block RAM                                     ; On                 ; On                  ;
; Synthesis Seed                                                             ; 1                  ; 1                   ;
+----------------------------------------------------------------------------+--------------------+---------------------+


Parallel compilation was disabled, but you have multiple processors available. Enable parallel compilation to reduce compilation time.
+-------------------------------------+
; Parallel Compilation                ;
+----------------------------+--------+
; Processors                 ; Number ;
+----------------------------+--------+
; Number detected on machine ; 8      ;
; Maximum allowed            ; 1      ;
+----------------------------+--------+


+---------------------------------------------------------------------------------------------------------------------------------------------------------------------------------+
; Analysis & Synthesis Source Files Read                                                                                                                                          ;
+----------------------------------+-----------------+------------------------------------+-----------------------------------------------------------------------------+---------+
; File Name with User-Entered Path ; Used in Netlist ; File Type                          ; File Name with Absolute Path                                                ; Library ;
+----------------------------------+-----------------+------------------------------------+-----------------------------------------------------------------------------+---------+
; controlador.vhd                  ; yes             ; User VHDL File                     ; C:/Users/LSC/agustin-spennato/controlador_timeout_V2/controlador.vhd        ;         ;
; UART_RX.vhd                      ; yes             ; User VHDL File                     ; C:/Users/LSC/agustin-spennato/controlador_timeout_V2/UART_RX.vhd            ;         ;
; UART_TX.vhd                      ; yes             ; User VHDL File                     ; C:/Users/LSC/agustin-spennato/controlador_timeout_V2/UART_TX.vhd            ;         ;
; single_port_ram.vhd              ; yes             ; User VHDL File                     ; C:/Users/LSC/agustin-spennato/controlador_timeout_V2/single_port_ram.vhd    ;         ;
; controlador_main.bdf             ; yes             ; User Block Diagram/Schematic File  ; C:/Users/LSC/agustin-spennato/controlador_timeout_V2/controlador_main.bdf   ;         ;
; busmux.tdf                       ; yes             ; Megafunction                       ; c:/altera/13.0sp1/quartus/libraries/megafunctions/busmux.tdf                ;         ;
; lpm_mux.inc                      ; yes             ; Megafunction                       ; c:/altera/13.0sp1/quartus/libraries/megafunctions/lpm_mux.inc               ;         ;
; lpm_mux.tdf                      ; yes             ; Megafunction                       ; c:/altera/13.0sp1/quartus/libraries/megafunctions/lpm_mux.tdf               ;         ;
; aglobal130.inc                   ; yes             ; Megafunction                       ; c:/altera/13.0sp1/quartus/libraries/megafunctions/aglobal130.inc            ;         ;
; muxlut.inc                       ; yes             ; Megafunction                       ; c:/altera/13.0sp1/quartus/libraries/megafunctions/muxlut.inc                ;         ;
; bypassff.inc                     ; yes             ; Megafunction                       ; c:/altera/13.0sp1/quartus/libraries/megafunctions/bypassff.inc              ;         ;
; altshift.inc                     ; yes             ; Megafunction                       ; c:/altera/13.0sp1/quartus/libraries/megafunctions/altshift.inc              ;         ;
; db/mux_crc.tdf                   ; yes             ; Auto-Generated Megafunction        ; C:/Users/LSC/agustin-spennato/controlador_timeout_V2/db/mux_crc.tdf         ;         ;
; altsyncram.tdf                   ; yes             ; Megafunction                       ; c:/altera/13.0sp1/quartus/libraries/megafunctions/altsyncram.tdf            ;         ;
; stratix_ram_block.inc            ; yes             ; Megafunction                       ; c:/altera/13.0sp1/quartus/libraries/megafunctions/stratix_ram_block.inc     ;         ;
; lpm_decode.inc                   ; yes             ; Megafunction                       ; c:/altera/13.0sp1/quartus/libraries/megafunctions/lpm_decode.inc            ;         ;
; a_rdenreg.inc                    ; yes             ; Megafunction                       ; c:/altera/13.0sp1/quartus/libraries/megafunctions/a_rdenreg.inc             ;         ;
; altrom.inc                       ; yes             ; Megafunction                       ; c:/altera/13.0sp1/quartus/libraries/megafunctions/altrom.inc                ;         ;
; altram.inc                       ; yes             ; Megafunction                       ; c:/altera/13.0sp1/quartus/libraries/megafunctions/altram.inc                ;         ;
; altdpram.inc                     ; yes             ; Megafunction                       ; c:/altera/13.0sp1/quartus/libraries/megafunctions/altdpram.inc              ;         ;
; db/altsyncram_ac41.tdf           ; yes             ; Auto-Generated Megafunction        ; C:/Users/LSC/agustin-spennato/controlador_timeout_V2/db/altsyncram_ac41.tdf ;         ;
+----------------------------------+-----------------+------------------------------------+-----------------------------------------------------------------------------+---------+


+------------------------------------------------------------+
; Analysis & Synthesis Resource Usage Summary                ;
+---------------------------------------------+--------------+
; Resource                                    ; Usage        ;
+---------------------------------------------+--------------+
; Estimated Total logic elements              ; 212          ;
;                                             ;              ;
; Total combinational functions               ; 196          ;
; Logic element usage by number of LUT inputs ;              ;
;     -- 4 input functions                    ; 87           ;
;     -- 3 input functions                    ; 50           ;
;     -- <=2 input functions                  ; 59           ;
;                                             ;              ;
; Logic elements by mode                      ;              ;
;     -- normal mode                          ; 166          ;
;     -- arithmetic mode                      ; 30           ;
;                                             ;              ;
; Total registers                             ; 89           ;
;     -- Dedicated logic registers            ; 89           ;
;     -- I/O registers                        ; 0            ;
;                                             ;              ;
; I/O pins                                    ; 32           ;
; Total memory bits                           ; 512          ;
; Embedded Multiplier 9-bit elements          ; 0            ;
; Maximum fan-out node                        ; clk_in~input ;
; Maximum fan-out                             ; 97           ;
; Total fan-out                               ; 1011         ;
; Average fan-out                             ; 2.83         ;
+---------------------------------------------+--------------+


+--------------------------------------------------------------------------------------------------------------------------------------------------------------------------------------------------------------------------------------------------------------------+
; Analysis & Synthesis Resource Utilization by Entity                                                                                                                                                                                                                ;
+-------------------------------------------+-------------------+--------------+-------------+--------------+---------+-----------+------+--------------+---------------------------------------------------------------------------------------------+--------------+
; Compilation Hierarchy Node                ; LC Combinationals ; LC Registers ; Memory Bits ; DSP Elements ; DSP 9x9 ; DSP 18x18 ; Pins ; Virtual Pins ; Full Hierarchy Name                                                                         ; Library Name ;
+-------------------------------------------+-------------------+--------------+-------------+--------------+---------+-----------+------+--------------+---------------------------------------------------------------------------------------------+--------------+
; |controlador_main                         ; 196 (0)           ; 89 (0)       ; 512         ; 0            ; 0       ; 0         ; 32   ; 0            ; |controlador_main                                                                           ; work         ;
;    |UART_RX:inst|                         ; 53 (53)           ; 29 (29)      ; 0           ; 0            ; 0       ; 0         ; 0    ; 0            ; |controlador_main|UART_RX:inst                                                              ; work         ;
;    |UART_TX:inst1|                        ; 35 (35)           ; 27 (27)      ; 0           ; 0            ; 0       ; 0         ; 0    ; 0            ; |controlador_main|UART_TX:inst1                                                             ; work         ;
;    |busmux:inst4|                         ; 6 (0)             ; 0 (0)        ; 0           ; 0            ; 0       ; 0         ; 0    ; 0            ; |controlador_main|busmux:inst4                                                              ; work         ;
;       |lpm_mux:$00000|                    ; 6 (0)             ; 0 (0)        ; 0           ; 0            ; 0       ; 0         ; 0    ; 0            ; |controlador_main|busmux:inst4|lpm_mux:$00000                                               ; work         ;
;          |mux_crc:auto_generated|         ; 6 (6)             ; 0 (0)        ; 0           ; 0            ; 0       ; 0         ; 0    ; 0            ; |controlador_main|busmux:inst4|lpm_mux:$00000|mux_crc:auto_generated                        ; work         ;
;    |controlador:inst9|                    ; 102 (102)         ; 33 (33)      ; 0           ; 0            ; 0       ; 0         ; 0    ; 0            ; |controlador_main|controlador:inst9                                                         ; work         ;
;    |single_port_ram:inst5|                ; 0 (0)             ; 0 (0)        ; 512         ; 0            ; 0       ; 0         ; 0    ; 0            ; |controlador_main|single_port_ram:inst5                                                     ; work         ;
;       |altsyncram:ram_rtl_0|              ; 0 (0)             ; 0 (0)        ; 512         ; 0            ; 0       ; 0         ; 0    ; 0            ; |controlador_main|single_port_ram:inst5|altsyncram:ram_rtl_0                                ; work         ;
;          |altsyncram_ac41:auto_generated| ; 0 (0)             ; 0 (0)        ; 512         ; 0            ; 0       ; 0         ; 0    ; 0            ; |controlador_main|single_port_ram:inst5|altsyncram:ram_rtl_0|altsyncram_ac41:auto_generated ; work         ;
+-------------------------------------------+-------------------+--------------+-------------+--------------+---------+-----------+------+--------------+---------------------------------------------------------------------------------------------+--------------+
Note: For table entries with two numbers listed, the numbers in parentheses indicate the number of resources of the given type used by the specific entity alone. The numbers listed outside of parentheses indicate the total resources of the given type used by the specific entity and all of its sub-entities in the hierarchy.


+-------------------------------------------------------------------------------------------------------------------------------------------------------------------------------------+
; Analysis & Synthesis RAM Summary                                                                                                                                                    ;
+--------------------------------------------------------------------------------------+------+-------------+--------------+--------------+--------------+--------------+------+------+
; Name                                                                                 ; Type ; Mode        ; Port A Depth ; Port A Width ; Port B Depth ; Port B Width ; Size ; MIF  ;
+--------------------------------------------------------------------------------------+------+-------------+--------------+--------------+--------------+--------------+------+------+
; single_port_ram:inst5|altsyncram:ram_rtl_0|altsyncram_ac41:auto_generated|ALTSYNCRAM ; AUTO ; Single Port ; 64           ; 8            ; --           ; --           ; 512  ; None ;
+--------------------------------------------------------------------------------------+------+-------------+--------------+--------------+--------------+--------------+------+------+


Encoding Type:  One-Hot
+---------------------------------------------------------------------------------------------------------------------------------------------------+
; State Machine - |controlador_main|UART_RX:inst|r_SM_Main                                                                                          ;
+--------------------------+---------------------+-------------------------+--------------------------+--------------------------+------------------+
; Name                     ; r_SM_Main.s_Cleanup ; r_SM_Main.s_RX_Stop_Bit ; r_SM_Main.s_RX_Data_Bits ; r_SM_Main.s_RX_Start_Bit ; r_SM_Main.s_Idle ;
+--------------------------+---------------------+-------------------------+--------------------------+--------------------------+------------------+
; r_SM_Main.s_Idle         ; 0                   ; 0                       ; 0                        ; 0                        ; 0                ;
; r_SM_Main.s_RX_Start_Bit ; 0                   ; 0                       ; 0                        ; 1                        ; 1                ;
; r_SM_Main.s_RX_Data_Bits ; 0                   ; 0                       ; 1                        ; 0                        ; 1                ;
; r_SM_Main.s_RX_Stop_Bit  ; 0                   ; 1                       ; 0                        ; 0                        ; 1                ;
; r_SM_Main.s_Cleanup      ; 1                   ; 0                       ; 0                        ; 0                        ; 1                ;
+--------------------------+---------------------+-------------------------+--------------------------+--------------------------+------------------+


Encoding Type:  One-Hot
+-----------------------------------------------------------------------------------------------------------------------+
; State Machine - |controlador_main|controlador:inst9|state                                                             ;
+-------------------+------------+-----------------+---------------+-------------------+-------------------+------------+
; Name              ; state.DONE ; state.SEND_DATA ; state.TIMEOUT ; state.FILL_BUFFER ; state.READ_COMAND ; state.IDLE ;
+-------------------+------------+-----------------+---------------+-------------------+-------------------+------------+
; state.IDLE        ; 0          ; 0               ; 0             ; 0                 ; 0                 ; 0          ;
; state.READ_COMAND ; 0          ; 0               ; 0             ; 0                 ; 1                 ; 1          ;
; state.FILL_BUFFER ; 0          ; 0               ; 0             ; 1                 ; 0                 ; 1          ;
; state.TIMEOUT     ; 0          ; 0               ; 1             ; 0                 ; 0                 ; 1          ;
; state.SEND_DATA   ; 0          ; 1               ; 0             ; 0                 ; 0                 ; 1          ;
; state.DONE        ; 1          ; 0               ; 0             ; 0                 ; 0                 ; 1          ;
+-------------------+------------+-----------------+---------------+-------------------+-------------------+------------+


Encoding Type:  One-Hot
+---------------------------------------------------------------------------------------------------------------------------------------------------+
; State Machine - |controlador_main|UART_TX:inst1|r_SM_Main                                                                                         ;
+--------------------------+---------------------+-------------------------+--------------------------+--------------------------+------------------+
; Name                     ; r_SM_Main.s_Cleanup ; r_SM_Main.s_TX_Stop_Bit ; r_SM_Main.s_TX_Data_Bits ; r_SM_Main.s_TX_Start_Bit ; r_SM_Main.s_Idle ;
+--------------------------+---------------------+-------------------------+--------------------------+--------------------------+------------------+
; r_SM_Main.s_Idle         ; 0                   ; 0                       ; 0                        ; 0                        ; 0                ;
; r_SM_Main.s_TX_Start_Bit ; 0                   ; 0                       ; 0                        ; 1                        ; 1                ;
; r_SM_Main.s_TX_Data_Bits ; 0                   ; 0                       ; 1                        ; 0                        ; 1                ;
; r_SM_Main.s_TX_Stop_Bit  ; 0                   ; 1                       ; 0                        ; 0                        ; 1                ;
; r_SM_Main.s_Cleanup      ; 1                   ; 0                       ; 0                        ; 0                        ; 1                ;
+--------------------------+---------------------+-------------------------+--------------------------+--------------------------+------------------+


+---------------------------------------------------------------------------------------------------------------+
; User-Specified and Inferred Latches                                                                           ;
+----------------------------------------------------+---------------------------------+------------------------+
; Latch Name                                         ; Latch Enable Signal             ; Free of Timing Hazards ;
+----------------------------------------------------+---------------------------------+------------------------+
; controlador:inst9|state_o[2]                       ; controlador:inst9|state.TIMEOUT ; yes                    ;
; controlador:inst9|state_o[1]                       ; controlador:inst9|state.TIMEOUT ; yes                    ;
; controlador:inst9|state_o[0]                       ; controlador:inst9|state.TIMEOUT ; yes                    ;
; Number of user-specified and inferred latches = 3  ;                                 ;                        ;
+----------------------------------------------------+---------------------------------+------------------------+
Note: All latches listed above may not be present at the end of synthesis due to various synthesis optimizations.


+------------------------------------------------------+
; General Register Statistics                          ;
+----------------------------------------------+-------+
; Statistic                                    ; Value ;
+----------------------------------------------+-------+
; Total registers                              ; 89    ;
; Number of registers using Synchronous Clear  ; 18    ;
; Number of registers using Synchronous Load   ; 9     ;
; Number of registers using Asynchronous Clear ; 6     ;
; Number of registers using Asynchronous Load  ; 0     ;
; Number of registers using Clock Enable       ; 53    ;
; Number of registers using Preset             ; 0     ;
+----------------------------------------------+-------+


+-------------------------------------------------------------------------------+
; Registers Packed Into Inferred Megafunctions                                  ;
+--------------------------------------+---------------------------------+------+
; Register Name                        ; Megafunction                    ; Type ;
+--------------------------------------+---------------------------------+------+
; single_port_ram:inst5|addr_reg[0..5] ; single_port_ram:inst5|ram_rtl_0 ; RAM  ;
+--------------------------------------+---------------------------------+------+


+--------------------------------------------------------------------------------------------------------------------------------------------------------------------+
; Multiplexer Restructuring Statistics (Restructuring Performed)                                                                                                     ;
+--------------------+-----------+---------------+----------------------+------------------------+------------+------------------------------------------------------+
; Multiplexer Inputs ; Bus Width ; Baseline Area ; Area if Restructured ; Saving if Restructured ; Registered ; Example Multiplexer Output                           ;
+--------------------+-----------+---------------+----------------------+------------------------+------------+------------------------------------------------------+
; 4:1                ; 9 bits    ; 18 LEs        ; 9 LEs                ; 9 LEs                  ; Yes        ; |controlador_main|UART_TX:inst1|r_Clk_Count[1]       ;
; 7:1                ; 9 bits    ; 36 LEs        ; 9 LEs                ; 27 LEs                 ; Yes        ; |controlador_main|UART_RX:inst|r_Clk_Count[0]        ;
; 12:1               ; 5 bits    ; 40 LEs        ; 5 LEs                ; 35 LEs                 ; Yes        ; |controlador_main|controlador:inst9|s_ram_address[2] ;
; 3:1                ; 4 bits    ; 8 LEs         ; 8 LEs                ; 0 LEs                  ; No         ; |controlador_main|controlador:inst9|index            ;
; 3:1                ; 3 bits    ; 6 LEs         ; 6 LEs                ; 0 LEs                  ; No         ; |controlador_main|UART_RX:inst|r_Bit_Index           ;
; 3:1                ; 3 bits    ; 6 LEs         ; 6 LEs                ; 0 LEs                  ; No         ; |controlador_main|UART_TX:inst1|r_Bit_Index          ;
; 3:1                ; 10 bits   ; 20 LEs        ; 20 LEs               ; 0 LEs                  ; No         ; |controlador_main|controlador:inst9|timeout_counter  ;
+--------------------+-----------+---------------+----------------------+------------------------+------------+------------------------------------------------------+


+--------------------------------------------------------------------------------------------------+
; Source assignments for single_port_ram:inst5|altsyncram:ram_rtl_0|altsyncram_ac41:auto_generated ;
+---------------------------------+--------------------+------+------------------------------------+
; Assignment                      ; Value              ; From ; To                                 ;
+---------------------------------+--------------------+------+------------------------------------+
; OPTIMIZE_POWER_DURING_SYNTHESIS ; NORMAL_COMPILATION ; -    ; -                                  ;
+---------------------------------+--------------------+------+------------------------------------+


+------------------------------------------------------------+
; Parameter Settings for User Entity Instance: UART_TX:inst1 ;
+----------------+-------+-----------------------------------+
; Parameter Name ; Value ; Type                              ;
+----------------+-------+-----------------------------------+
; g_clks_per_bit ; 434   ; Signed Integer                    ;
+----------------+-------+-----------------------------------+
Note: In order to hide this table in the UI and the text report file, please set the "Show Parameter Settings in Synthesis Report" option in "Analysis and Synthesis Settings -> More Settings" to "Off".


+-----------------------------------------------------------+
; Parameter Settings for User Entity Instance: UART_RX:inst ;
+----------------+-------+----------------------------------+
; Parameter Name ; Value ; Type                             ;
+----------------+-------+----------------------------------+
; g_clks_per_bit ; 434   ; Signed Integer                   ;
+----------------+-------+----------------------------------+
Note: In order to hide this table in the UI and the text report file, please set the "Show Parameter Settings in Synthesis Report" option in "Analysis and Synthesis Settings -> More Settings" to "Off".


+--------------------------------------------------------------------+
; Parameter Settings for User Entity Instance: single_port_ram:inst5 ;
+----------------+-------+-------------------------------------------+
; Parameter Name ; Value ; Type                                      ;
+----------------+-------+-------------------------------------------+
; data_width     ; 8     ; Signed Integer                            ;
; addr_width     ; 6     ; Signed Integer                            ;
+----------------+-------+-------------------------------------------+
Note: In order to hide this table in the UI and the text report file, please set the "Show Parameter Settings in Synthesis Report" option in "Analysis and Synthesis Settings -> More Settings" to "Off".


+-----------------------------------------------------------+
; Parameter Settings for User Entity Instance: BUSMUX:inst4 ;
+----------------+-------+----------------------------------+
; Parameter Name ; Value ; Type                             ;
+----------------+-------+----------------------------------+
; WIDTH          ; 6     ; Untyped                          ;
+----------------+-------+----------------------------------+
Note: In order to hide this table in the UI and the text report file, please set the "Show Parameter Settings in Synthesis Report" option in "Analysis and Synthesis Settings -> More Settings" to "Off".


+---------------------------------------------------------------------------------------------+
; Parameter Settings for Inferred Entity Instance: single_port_ram:inst5|altsyncram:ram_rtl_0 ;
+------------------------------------+----------------------+---------------------------------+
; Parameter Name                     ; Value                ; Type                            ;
+------------------------------------+----------------------+---------------------------------+
; BYTE_SIZE_BLOCK                    ; 8                    ; Untyped                         ;
; AUTO_CARRY_CHAINS                  ; ON                   ; AUTO_CARRY                      ;
; IGNORE_CARRY_BUFFERS               ; OFF                  ; IGNORE_CARRY                    ;
; AUTO_CASCADE_CHAINS                ; ON                   ; AUTO_CASCADE                    ;
; IGNORE_CASCADE_BUFFERS             ; OFF                  ; IGNORE_CASCADE                  ;
; WIDTH_BYTEENA                      ; 1                    ; Untyped                         ;
; OPERATION_MODE                     ; SINGLE_PORT          ; Untyped                         ;
; WIDTH_A                            ; 8                    ; Untyped                         ;
; WIDTHAD_A                          ; 6                    ; Untyped                         ;
; NUMWORDS_A                         ; 64                   ; Untyped                         ;
; OUTDATA_REG_A                      ; UNREGISTERED         ; Untyped                         ;
; ADDRESS_ACLR_A                     ; NONE                 ; Untyped                         ;
; OUTDATA_ACLR_A                     ; NONE                 ; Untyped                         ;
; WRCONTROL_ACLR_A                   ; NONE                 ; Untyped                         ;
; INDATA_ACLR_A                      ; NONE                 ; Untyped                         ;
; BYTEENA_ACLR_A                     ; NONE                 ; Untyped                         ;
; WIDTH_B                            ; 1                    ; Untyped                         ;
; WIDTHAD_B                          ; 1                    ; Untyped                         ;
; NUMWORDS_B                         ; 1                    ; Untyped                         ;
; INDATA_REG_B                       ; CLOCK1               ; Untyped                         ;
; WRCONTROL_WRADDRESS_REG_B          ; CLOCK1               ; Untyped                         ;
; RDCONTROL_REG_B                    ; CLOCK1               ; Untyped                         ;
; ADDRESS_REG_B                      ; CLOCK1               ; Untyped                         ;
; OUTDATA_REG_B                      ; UNREGISTERED         ; Untyped                         ;
; BYTEENA_REG_B                      ; CLOCK1               ; Untyped                         ;
; INDATA_ACLR_B                      ; NONE                 ; Untyped                         ;
; WRCONTROL_ACLR_B                   ; NONE                 ; Untyped                         ;
; ADDRESS_ACLR_B                     ; NONE                 ; Untyped                         ;
; OUTDATA_ACLR_B                     ; NONE                 ; Untyped                         ;
; RDCONTROL_ACLR_B                   ; NONE                 ; Untyped                         ;
; BYTEENA_ACLR_B                     ; NONE                 ; Untyped                         ;
; WIDTH_BYTEENA_A                    ; 1                    ; Untyped                         ;
; WIDTH_BYTEENA_B                    ; 1                    ; Untyped                         ;
; RAM_BLOCK_TYPE                     ; AUTO                 ; Untyped                         ;
; BYTE_SIZE                          ; 8                    ; Untyped                         ;
; READ_DURING_WRITE_MODE_MIXED_PORTS ; DONT_CARE            ; Untyped                         ;
; READ_DURING_WRITE_MODE_PORT_A      ; NEW_DATA_NO_NBE_READ ; Untyped                         ;
; READ_DURING_WRITE_MODE_PORT_B      ; NEW_DATA_NO_NBE_READ ; Untyped                         ;
; INIT_FILE                          ; UNUSED               ; Untyped                         ;
; INIT_FILE_LAYOUT                   ; PORT_A               ; Untyped                         ;
; MAXIMUM_DEPTH                      ; 0                    ; Untyped                         ;
; CLOCK_ENABLE_INPUT_A               ; NORMAL               ; Untyped                         ;
; CLOCK_ENABLE_INPUT_B               ; NORMAL               ; Untyped                         ;
; CLOCK_ENABLE_OUTPUT_A              ; NORMAL               ; Untyped                         ;
; CLOCK_ENABLE_OUTPUT_B              ; NORMAL               ; Untyped                         ;
; CLOCK_ENABLE_CORE_A                ; USE_INPUT_CLKEN      ; Untyped                         ;
; CLOCK_ENABLE_CORE_B                ; USE_INPUT_CLKEN      ; Untyped                         ;
; ENABLE_ECC                         ; FALSE                ; Untyped                         ;
; ECC_PIPELINE_STAGE_ENABLED         ; FALSE                ; Untyped                         ;
; WIDTH_ECCSTATUS                    ; 3                    ; Untyped                         ;
; DEVICE_FAMILY                      ; Cyclone IV E         ; Untyped                         ;
; CBXI_PARAMETER                     ; altsyncram_ac41      ; Untyped                         ;
+------------------------------------+----------------------+---------------------------------+
Note: In order to hide this table in the UI and the text report file, please set the "Show Parameter Settings in Synthesis Report" option in "Analysis and Synthesis Settings -> More Settings" to "Off".


+----------------------------------------------------------------------------------------+
; altsyncram Parameter Settings by Entity Instance                                       ;
+-------------------------------------------+--------------------------------------------+
; Name                                      ; Value                                      ;
+-------------------------------------------+--------------------------------------------+
; Number of entity instances                ; 1                                          ;
; Entity Instance                           ; single_port_ram:inst5|altsyncram:ram_rtl_0 ;
;     -- OPERATION_MODE                     ; SINGLE_PORT                                ;
;     -- WIDTH_A                            ; 8                                          ;
;     -- NUMWORDS_A                         ; 64                                         ;
;     -- OUTDATA_REG_A                      ; UNREGISTERED                               ;
;     -- WIDTH_B                            ; 1                                          ;
;     -- NUMWORDS_B                         ; 1                                          ;
;     -- ADDRESS_REG_B                      ; CLOCK1                                     ;
;     -- OUTDATA_REG_B                      ; UNREGISTERED                               ;
;     -- RAM_BLOCK_TYPE                     ; AUTO                                       ;
;     -- READ_DURING_WRITE_MODE_MIXED_PORTS ; DONT_CARE                                  ;
+-------------------------------------------+--------------------------------------------+


+-------------------------------+
; Elapsed Time Per Partition    ;
+----------------+--------------+
; Partition Name ; Elapsed Time ;
+----------------+--------------+
; Top            ; 00:00:01     ;
+----------------+--------------+


+-------------------------------+
; Analysis & Synthesis Messages ;
+-------------------------------+
Info: *******************************************************************
Info: Running Quartus II 64-Bit Analysis & Synthesis
    Info: Version 13.0.1 Build 232 06/12/2013 Service Pack 1 SJ Web Edition
    Info: Processing started: Fri Feb 13 12:40:25 2026
Info: Command: quartus_map --read_settings_files=on --write_settings_files=off controlador_timeout -c controlador_timeout
Warning (20028): Parallel compilation is not licensed and has been disabled
Info (12021): Found 2 design units, including 1 entities, in source file controlador.vhd
    Info (12022): Found design unit 1: controlador-RTL
    Info (12023): Found entity 1: controlador
Info (12021): Found 2 design units, including 1 entities, in source file uart_rx.vhd
    Info (12022): Found design unit 1: UART_RX-rtl
    Info (12023): Found entity 1: UART_RX
Info (12021): Found 2 design units, including 1 entities, in source file uart_tx.vhd
    Info (12022): Found design unit 1: UART_TX-RTL
    Info (12023): Found entity 1: UART_TX
Info (12021): Found 2 design units, including 1 entities, in source file single_port_ram.vhd
    Info (12022): Found design unit 1: single_port_ram-rtl
    Info (12023): Found entity 1: single_port_ram
Info (12021): Found 1 design units, including 1 entities, in source file controlador_main.bdf
    Info (12023): Found entity 1: controlador_main
Info (12127): Elaborating entity "controlador_main" for the top level hierarchy
Warning (275011): Block or symbol "controlador" of instance "inst9" overlaps another block or symbol
Info (12128): Elaborating entity "UART_TX" for hierarchy "UART_TX:inst1"
Info (12128): Elaborating entity "controlador" for hierarchy "controlador:inst9"
Warning (10631): VHDL Process Statement warning at controlador.vhd(161): inferring latch(es) for signal or variable "state_o", which holds its previous value in one or more paths through the process
Info (10041): Inferred latch for "state_o[0]" at controlador.vhd(161)
Info (10041): Inferred latch for "state_o[1]" at controlador.vhd(161)
Info (10041): Inferred latch for "state_o[2]" at controlador.vhd(161)
Info (12128): Elaborating entity "UART_RX" for hierarchy "UART_RX:inst"
Info (12128): Elaborating entity "single_port_ram" for hierarchy "single_port_ram:inst5"
Info (12128): Elaborating entity "BUSMUX" for hierarchy "BUSMUX:inst4"
Info (12130): Elaborated megafunction instantiation "BUSMUX:inst4"
Info (12133): Instantiated megafunction "BUSMUX:inst4" with the following parameter:
    Info (12134): Parameter "WIDTH" = "6"
Info (12128): Elaborating entity "lpm_mux" for hierarchy "BUSMUX:inst4|lpm_mux:$00000"
Info (12131): Elaborated megafunction instantiation "BUSMUX:inst4|lpm_mux:$00000", which is child of megafunction instantiation "BUSMUX:inst4"
Info (12021): Found 1 design units, including 1 entities, in source file db/mux_crc.tdf
    Info (12023): Found entity 1: mux_crc
Info (12128): Elaborating entity "mux_crc" for hierarchy "BUSMUX:inst4|lpm_mux:$00000|mux_crc:auto_generated"
Info (19000): Inferred 1 megafunctions from design logic
    Info (276029): Inferred altsyncram megafunction from the following design logic: "single_port_ram:inst5|ram_rtl_0" 
        Info (286033): Parameter OPERATION_MODE set to SINGLE_PORT
        Info (286033): Parameter WIDTH_A set to 8
        Info (286033): Parameter WIDTHAD_A set to 6
        Info (286033): Parameter NUMWORDS_A set to 64
        Info (286033): Parameter OUTDATA_REG_A set to UNREGISTERED
        Info (286033): Parameter ADDRESS_ACLR_A set to NONE
        Info (286033): Parameter OUTDATA_ACLR_A set to NONE
        Info (286033): Parameter INDATA_ACLR_A set to NONE
        Info (286033): Parameter WRCONTROL_ACLR_A set to NONE
Info (12130): Elaborated megafunction instantiation "single_port_ram:inst5|altsyncram:ram_rtl_0"
Info (12133): Instantiated megafunction "single_port_ram:inst5|altsyncram:ram_rtl_0" with the following parameter:
    Info (12134): Parameter "OPERATION_MODE" = "SINGLE_PORT"
    Info (12134): Parameter "WIDTH_A" = "8"
    Info (12134): Parameter "WIDTHAD_A" = "6"
    Info (12134): Parameter "NUMWORDS_A" = "64"
    Info (12134): Parameter "OUTDATA_REG_A" = "UNREGISTERED"
    Info (12134): Parameter "ADDRESS_ACLR_A" = "NONE"
    Info (12134): Parameter "OUTDATA_ACLR_A" = "NONE"
    Info (12134): Parameter "INDATA_ACLR_A" = "NONE"
    Info (12134): Parameter "WRCONTROL_ACLR_A" = "NONE"
Info (12021): Found 1 design units, including 1 entities, in source file db/altsyncram_ac41.tdf
    Info (12023): Found entity 1: altsyncram_ac41
Info (286030): Timing-Driven Synthesis is running
Info (16010): Generating hard_block partition "hard_block:auto_generated_inst"
    Info (16011): Adding 0 node(s), including 0 DDIO, 0 PLL, 0 transceiver and 0 LCELL
Info (21057): Implemented 253 device resources after synthesis - the final resource count might be different
    Info (21058): Implemented 11 input pins
    Info (21059): Implemented 21 output pins
    Info (21061): Implemented 213 logic cells
    Info (21064): Implemented 8 RAM segments
Info: Quartus II 64-Bit Analysis & Synthesis was successful. 0 errors, 3 warnings
    Info: Peak virtual memory: 4639 megabytes
    Info: Processing ended: Fri Feb 13 12:40:28 2026
    Info: Elapsed time: 00:00:03
    Info: Total CPU time (on all processors): 00:00:03


