Analysis & Synthesis report for key_expanse
Wed Feb 25 18:01:06 2026
Quartus II 64-Bit Version 13.0.1 Build 232 06/12/2013 Service Pack 1 SJ Web Edition


---------------------
; Table of Contents ;
---------------------
  1. Legal Notice
  2. Analysis & Synthesis Summary
  3. Analysis & Synthesis Settings
  4. Parallel Compilation
  5. Analysis & Synthesis Source Files Read
  6. Analysis & Synthesis Resource Usage Summary
  7. Analysis & Synthesis Resource Utilization by Entity
  8. Analysis & Synthesis RAM Summary
  9. State Machine - |key_expansion|state
 10. Registers Removed During Synthesis
 11. General Register Statistics
 12. Registers Packed Into Inferred Megafunctions
 13. Multiplexer Restructuring Statistics (Restructuring Performed)
 14. Source assignments for sbox_rom_sinc:AES_sbox|altsyncram:Mux7_rtl_0|altsyncram_md11:auto_generated
 15. Parameter Settings for Inferred Entity Instance: sbox_rom_sinc:AES_sbox|altsyncram:Mux7_rtl_0
 16. altsyncram Parameter Settings by Entity Instance
 17. Port Connectivity Checks: "mux2to1_32:mux_w3"
 18. Port Connectivity Checks: "mux2to1_32:mux_w2"
 19. Port Connectivity Checks: "mux2to1_32:mux_w1"
 20. Port Connectivity Checks: "mux2to1_32:mux_w0"
 21. Elapsed Time Per Partition
 22. Analysis & Synthesis Messages



----------------
; Legal Notice ;
----------------
Copyright (C) 1991-2013 Altera Corporation
Your use of Altera Corporation's design tools, logic functions 
and other software and tools, and its AMPP partner logic 
functions, and any output files from any of the foregoing 
(including device programming or simulation files), and any 
associated documentation or information are expressly subject 
to the terms and conditions of the Altera Program License 
Subscription Agreement, Altera MegaCore Function License 
Agreement, or other applicable license agreement, including, 
without limitation, that your use is for the sole purpose of 
programming logic devices manufactured by Altera and sold by 
Altera or its authorized distributors.  Please refer to the 
applicable agreement for further details.



+--------------------------------------------------------------------------------------+
; Analysis & Synthesis Summary                                                         ;
+------------------------------------+-------------------------------------------------+
; Analysis & Synthesis Status        ; Successful - Wed Feb 25 18:01:06 2026           ;
; Quartus II 64-Bit Version          ; 13.0.1 Build 232 06/12/2013 SP 1 SJ Web Edition ;
; Revision Name                      ; key_expanse                                     ;
; Top-level Entity Name              ; key_expansion                                   ;
; Family                             ; Cyclone III                                     ;
; Total logic elements               ; 229                                             ;
;     Total combinational functions  ; 191                                             ;
;     Dedicated logic registers      ; 183                                             ;
; Total registers                    ; 183                                             ;
; Total pins                         ; 103                                             ;
; Total virtual pins                 ; 0                                               ;
; Total memory bits                  ; 2,048                                           ;
; Embedded Multiplier 9-bit elements ; 0                                               ;
; Total PLLs                         ; 0                                               ;
+------------------------------------+-------------------------------------------------+


+----------------------------------------------------------------------------------------------------------------------+
; Analysis & Synthesis Settings                                                                                        ;
+----------------------------------------------------------------------------+--------------------+--------------------+
; Option                                                                     ; Setting            ; Default Value      ;
+----------------------------------------------------------------------------+--------------------+--------------------+
; Top-level entity name                                                      ; key_expansion      ; key_expanse        ;
; Family name                                                                ; Cyclone III        ; Cyclone IV GX      ;
; Use smart compilation                                                      ; Off                ; Off                ;
; Enable parallel Assembler and TimeQuest Timing Analyzer during compilation ; On                 ; On                 ;
; Enable compact report table                                                ; Off                ; Off                ;
; Restructure Multiplexers                                                   ; Auto               ; Auto               ;
; Create Debugging Nodes for IP Cores                                        ; Off                ; Off                ;
; Preserve fewer node names                                                  ; On                 ; On                 ;
; Disable OpenCore Plus hardware evaluation                                  ; Off                ; Off                ;
; Verilog Version                                                            ; Verilog_2001       ; Verilog_2001       ;
; VHDL Version                                                               ; VHDL_1993          ; VHDL_1993          ;
; State Machine Processing                                                   ; Auto               ; Auto               ;
; Safe State Machine                                                         ; Off                ; Off                ;
; Extract Verilog State Machines                                             ; On                 ; On                 ;
; Extract VHDL State Machines                                                ; On                 ; On                 ;
; Ignore Verilog initial constructs                                          ; Off                ; Off                ;
; Iteration limit for constant Verilog loops                                 ; 5000               ; 5000               ;
; Iteration limit for non-constant Verilog loops                             ; 250                ; 250                ;
; Add Pass-Through Logic to Inferred RAMs                                    ; On                 ; On                 ;
; Infer RAMs from Raw Logic                                                  ; On                 ; On                 ;
; Parallel Synthesis                                                         ; On                 ; On                 ;
; DSP Block Balancing                                                        ; Auto               ; Auto               ;
; NOT Gate Push-Back                                                         ; On                 ; On                 ;
; Power-Up Don't Care                                                        ; On                 ; On                 ;
; Remove Redundant Logic Cells                                               ; Off                ; Off                ;
; Remove Duplicate Registers                                                 ; On                 ; On                 ;
; Ignore CARRY Buffers                                                       ; Off                ; Off                ;
; Ignore CASCADE Buffers                                                     ; Off                ; Off                ;
; Ignore GLOBAL Buffers                                                      ; Off                ; Off                ;
; Ignore ROW GLOBAL Buffers                                                  ; Off                ; Off                ;
; Ignore LCELL Buffers                                                       ; Off                ; Off                ;
; Ignore SOFT Buffers                                                        ; On                 ; On                 ;
; Limit AHDL Integers to 32 Bits                                             ; Off                ; Off                ;
; Optimization Technique                                                     ; Balanced           ; Balanced           ;
; Carry Chain Length                                                         ; 70                 ; 70                 ;
; Auto Carry Chains                                                          ; On                 ; On                 ;
; Auto Open-Drain Pins                                                       ; On                 ; On                 ;
; Perform WYSIWYG Primitive Resynthesis                                      ; Off                ; Off                ;
; Auto ROM Replacement                                                       ; On                 ; On                 ;
; Auto RAM Replacement                                                       ; On                 ; On                 ;
; Auto DSP Block Replacement                                                 ; On                 ; On                 ;
; Auto Shift Register Replacement                                            ; Auto               ; Auto               ;
; Allow Shift Register Merging across Hierarchies                            ; Auto               ; Auto               ;
; Auto Clock Enable Replacement                                              ; On                 ; On                 ;
; Strict RAM Replacement                                                     ; Off                ; Off                ;
; Allow Synchronous Control Signals                                          ; On                 ; On                 ;
; Force Use of Synchronous Clear Signals                                     ; Off                ; Off                ;
; Auto RAM Block Balancing                                                   ; On                 ; On                 ;
; Auto RAM to Logic Cell Conversion                                          ; Off                ; Off                ;
; Auto Resource Sharing                                                      ; Off                ; Off                ;
; Allow Any RAM Size For Recognition                                         ; Off                ; Off                ;
; Allow Any ROM Size For Recognition                                         ; Off                ; Off                ;
; Allow Any Shift Register Size For Recognition                              ; Off                ; Off                ;
; Use LogicLock Constraints during Resource Balancing                        ; On                 ; On                 ;
; Ignore translate_off and synthesis_off directives                          ; Off                ; Off                ;
; Timing-Driven Synthesis                                                    ; On                 ; On                 ;
; Report Parameter Settings                                                  ; On                 ; On                 ;
; Report Source Assignments                                                  ; On                 ; On                 ;
; Report Connectivity Checks                                                 ; On                 ; On                 ;
; Ignore Maximum Fan-Out Assignments                                         ; Off                ; Off                ;
; Synchronization Register Chain Length                                      ; 2                  ; 2                  ;
; PowerPlay Power Optimization                                               ; Normal compilation ; Normal compilation ;
; HDL message level                                                          ; Level2             ; Level2             ;
; Suppress Register Optimization Related Messages                            ; Off                ; Off                ;
; Number of Removed Registers Reported in Synthesis Report                   ; 5000               ; 5000               ;
; Number of Swept Nodes Reported in Synthesis Report                         ; 5000               ; 5000               ;
; Number of Inverted Registers Reported in Synthesis Report                  ; 100                ; 100                ;
; Clock MUX Protection                                                       ; On                 ; On                 ;
; Auto Gated Clock Conversion                                                ; Off                ; Off                ;
; Block Design Naming                                                        ; Auto               ; Auto               ;
; SDC constraint protection                                                  ; Off                ; Off                ;
; Synthesis Effort                                                           ; Auto               ; Auto               ;
; Shift Register Replacement - Allow Asynchronous Clear Signal               ; On                 ; On                 ;
; Pre-Mapping Resynthesis Optimization                                       ; Off                ; Off                ;
; Analysis & Synthesis Message Level                                         ; Medium             ; Medium             ;
; Disable Register Merging Across Hierarchies                                ; Auto               ; Auto               ;
; Resource Aware Inference For Block RAM                                     ; On                 ; On                 ;
; Synthesis Seed                                                             ; 1                  ; 1                  ;
+----------------------------------------------------------------------------+--------------------+--------------------+


Parallel compilation was disabled, but you have multiple processors available. Enable parallel compilation to reduce compilation time.
+-------------------------------------+
; Parallel Compilation                ;
+----------------------------+--------+
; Processors                 ; Number ;
+----------------------------+--------+
; Number detected on machine ; 12     ;
; Maximum allowed            ; 1      ;
+----------------------------+--------+


+--------------------------------------------------------------------------------------------------------------------------------------------------------------------------+
; Analysis & Synthesis Source Files Read                                                                                                                                   ;
+----------------------------------+-----------------+------------------------------+----------------------------------------------------------------------------+---------+
; File Name with User-Entered Path ; Used in Netlist ; File Type                    ; File Name with Absolute Path                                               ; Library ;
+----------------------------------+-----------------+------------------------------+----------------------------------------------------------------------------+---------+
; word_register.vhd                ; yes             ; User VHDL File               ; E:/facultad 2025/Trabajo Final/expansor de clave_V2/word_register.vhd      ;         ;
; key_expansion.vhd                ; yes             ; User VHDL File               ; E:/facultad 2025/Trabajo Final/expansor de clave_V2/key_expansion.vhd      ;         ;
; mux2to1_32.vhd                   ; yes             ; User VHDL File               ; E:/facultad 2025/Trabajo Final/expansor de clave_V2/mux2to1_32.vhd         ;         ;
; mux4to1_8.vhd                    ; yes             ; User VHDL File               ; E:/facultad 2025/Trabajo Final/expansor de clave_V2/mux4to1_8.vhd          ;         ;
; demux1to4.vhd                    ; yes             ; User VHDL File               ; E:/facultad 2025/Trabajo Final/expansor de clave_V2/demux1to4.vhd          ;         ;
; byte_register.vhd                ; yes             ; User VHDL File               ; E:/facultad 2025/Trabajo Final/expansor de clave_V2/byte_register.vhd      ;         ;
; sbox_rom_sinc.vhd                ; yes             ; User VHDL File               ; E:/facultad 2025/Trabajo Final/expansor de clave_V2/sbox_rom_sinc.vhd      ;         ;
; altsyncram.tdf                   ; yes             ; Megafunction                 ; c:/altera/13.0sp1/quartus/libraries/megafunctions/altsyncram.tdf           ;         ;
; stratix_ram_block.inc            ; yes             ; Megafunction                 ; c:/altera/13.0sp1/quartus/libraries/megafunctions/stratix_ram_block.inc    ;         ;
; lpm_mux.inc                      ; yes             ; Megafunction                 ; c:/altera/13.0sp1/quartus/libraries/megafunctions/lpm_mux.inc              ;         ;
; lpm_decode.inc                   ; yes             ; Megafunction                 ; c:/altera/13.0sp1/quartus/libraries/megafunctions/lpm_decode.inc           ;         ;
; aglobal130.inc                   ; yes             ; Megafunction                 ; c:/altera/13.0sp1/quartus/libraries/megafunctions/aglobal130.inc           ;         ;
; a_rdenreg.inc                    ; yes             ; Megafunction                 ; c:/altera/13.0sp1/quartus/libraries/megafunctions/a_rdenreg.inc            ;         ;
; altrom.inc                       ; yes             ; Megafunction                 ; c:/altera/13.0sp1/quartus/libraries/megafunctions/altrom.inc               ;         ;
; altram.inc                       ; yes             ; Megafunction                 ; c:/altera/13.0sp1/quartus/libraries/megafunctions/altram.inc               ;         ;
; altdpram.inc                     ; yes             ; Megafunction                 ; c:/altera/13.0sp1/quartus/libraries/megafunctions/altdpram.inc             ;         ;
; db/altsyncram_md11.tdf           ; yes             ; Auto-Generated Megafunction  ; E:/facultad 2025/Trabajo Final/expansor de clave_V2/db/altsyncram_md11.tdf ;         ;
+----------------------------------+-----------------+------------------------------+----------------------------------------------------------------------------+---------+


+---------------------------------------------------------+
; Analysis & Synthesis Resource Usage Summary             ;
+---------------------------------------------+-----------+
; Resource                                    ; Usage     ;
+---------------------------------------------+-----------+
; Estimated Total logic elements              ; 229       ;
;                                             ;           ;
; Total combinational functions               ; 191       ;
; Logic element usage by number of LUT inputs ;           ;
;     -- 4 input functions                    ; 69        ;
;     -- 3 input functions                    ; 115       ;
;     -- <=2 input functions                  ; 7         ;
;                                             ;           ;
; Logic elements by mode                      ;           ;
;     -- normal mode                          ; 191       ;
;     -- arithmetic mode                      ; 0         ;
;                                             ;           ;
; Total registers                             ; 183       ;
;     -- Dedicated logic registers            ; 183       ;
;     -- I/O registers                        ; 0         ;
;                                             ;           ;
; I/O pins                                    ; 103       ;
; Total memory bits                           ; 2048      ;
; Embedded Multiplier 9-bit elements          ; 0         ;
; Maximum fan-out node                        ; clk~input ;
; Maximum fan-out                             ; 191       ;
; Total fan-out                               ; 1481      ;
; Average fan-out                             ; 2.52      ;
+---------------------------------------------+-----------+


+-------------------------------------------------------------------------------------------------------------------------------------------------------------------------------------------------------------------------------------------------------------------+
; Analysis & Synthesis Resource Utilization by Entity                                                                                                                                                                                                               ;
+-------------------------------------------+-------------------+--------------+-------------+--------------+---------+-----------+------+--------------+--------------------------------------------------------------------------------------------+--------------+
; Compilation Hierarchy Node                ; LC Combinationals ; LC Registers ; Memory Bits ; DSP Elements ; DSP 9x9 ; DSP 18x18 ; Pins ; Virtual Pins ; Full Hierarchy Name                                                                        ; Library Name ;
+-------------------------------------------+-------------------+--------------+-------------+--------------+---------+-----------+------+--------------+--------------------------------------------------------------------------------------------+--------------+
; |key_expansion                            ; 191 (47)          ; 183 (23)     ; 2048        ; 0            ; 0       ; 0         ; 103  ; 0            ; |key_expansion                                                                             ; work         ;
;    |byte_register:aux_register_0|         ; 0 (0)             ; 8 (8)        ; 0           ; 0            ; 0       ; 0         ; 0    ; 0            ; |key_expansion|byte_register:aux_register_0                                                ; work         ;
;    |byte_register:aux_register_1|         ; 0 (0)             ; 8 (8)        ; 0           ; 0            ; 0       ; 0         ; 0    ; 0            ; |key_expansion|byte_register:aux_register_1                                                ; work         ;
;    |byte_register:aux_register_2|         ; 0 (0)             ; 8 (8)        ; 0           ; 0            ; 0       ; 0         ; 0    ; 0            ; |key_expansion|byte_register:aux_register_2                                                ; work         ;
;    |byte_register:aux_register_3|         ; 0 (0)             ; 8 (8)        ; 0           ; 0            ; 0       ; 0         ; 0    ; 0            ; |key_expansion|byte_register:aux_register_3                                                ; work         ;
;    |mux2to1_32:mux_aux|                   ; 24 (24)           ; 0 (0)        ; 0           ; 0            ; 0       ; 0         ; 0    ; 0            ; |key_expansion|mux2to1_32:mux_aux                                                          ; work         ;
;    |mux2to1_32:mux_w0|                    ; 32 (32)           ; 0 (0)        ; 0           ; 0            ; 0       ; 0         ; 0    ; 0            ; |key_expansion|mux2to1_32:mux_w0                                                           ; work         ;
;    |mux2to1_32:mux_w1|                    ; 32 (32)           ; 0 (0)        ; 0           ; 0            ; 0       ; 0         ; 0    ; 0            ; |key_expansion|mux2to1_32:mux_w1                                                           ; work         ;
;    |mux2to1_32:mux_w2|                    ; 32 (32)           ; 0 (0)        ; 0           ; 0            ; 0       ; 0         ; 0    ; 0            ; |key_expansion|mux2to1_32:mux_w2                                                           ; work         ;
;    |mux2to1_32:mux_w3|                    ; 8 (8)             ; 0 (0)        ; 0           ; 0            ; 0       ; 0         ; 0    ; 0            ; |key_expansion|mux2to1_32:mux_w3                                                           ; work         ;
;    |mux4to1_8:sbox_mux|                   ; 16 (16)           ; 0 (0)        ; 0           ; 0            ; 0       ; 0         ; 0    ; 0            ; |key_expansion|mux4to1_8:sbox_mux                                                          ; work         ;
;    |sbox_rom_sinc:AES_sbox|               ; 0 (0)             ; 0 (0)        ; 2048        ; 0            ; 0       ; 0         ; 0    ; 0            ; |key_expansion|sbox_rom_sinc:AES_sbox                                                      ; work         ;
;       |altsyncram:Mux7_rtl_0|             ; 0 (0)             ; 0 (0)        ; 2048        ; 0            ; 0       ; 0         ; 0    ; 0            ; |key_expansion|sbox_rom_sinc:AES_sbox|altsyncram:Mux7_rtl_0                                ; work         ;
;          |altsyncram_md11:auto_generated| ; 0 (0)             ; 0 (0)        ; 2048        ; 0            ; 0       ; 0         ; 0    ; 0            ; |key_expansion|sbox_rom_sinc:AES_sbox|altsyncram:Mux7_rtl_0|altsyncram_md11:auto_generated ; work         ;
;    |word_register:word_0|                 ; 0 (0)             ; 32 (32)      ; 0           ; 0            ; 0       ; 0         ; 0    ; 0            ; |key_expansion|word_register:word_0                                                        ; work         ;
;    |word_register:word_1|                 ; 0 (0)             ; 32 (32)      ; 0           ; 0            ; 0       ; 0         ; 0    ; 0            ; |key_expansion|word_register:word_1                                                        ; work         ;
;    |word_register:word_2|                 ; 0 (0)             ; 32 (32)      ; 0           ; 0            ; 0       ; 0         ; 0    ; 0            ; |key_expansion|word_register:word_2                                                        ; work         ;
;    |word_register:word_3|                 ; 0 (0)             ; 32 (32)      ; 0           ; 0            ; 0       ; 0         ; 0    ; 0            ; |key_expansion|word_register:word_3                                                        ; work         ;
+-------------------------------------------+-------------------+--------------+-------------+--------------+---------+-----------+------+--------------+--------------------------------------------------------------------------------------------+--------------+
Note: For table entries with two numbers listed, the numbers in parentheses indicate the number of resources of the given type used by the specific entity alone. The numbers listed outside of parentheses indicate the total resources of the given type used by the specific entity and all of its sub-entities in the hierarchy.


+--------------------------------------------------------------------------------------------------------------------------------------------------------------------------------------------------------------+
; Analysis & Synthesis RAM Summary                                                                                                                                                                             ;
+----------------------------------------------------------------------------------------+------+------+--------------+--------------+--------------+--------------+------+------------------------------------+
; Name                                                                                   ; Type ; Mode ; Port A Depth ; Port A Width ; Port B Depth ; Port B Width ; Size ; MIF                                ;
+----------------------------------------------------------------------------------------+------+------+--------------+--------------+--------------+--------------+------+------------------------------------+
; sbox_rom_sinc:AES_sbox|altsyncram:Mux7_rtl_0|altsyncram_md11:auto_generated|ALTSYNCRAM ; AUTO ; ROM  ; 256          ; 8            ; --           ; --           ; 2048 ; key_expanse.key_expansion0.rtl.mif ;
+----------------------------------------------------------------------------------------+------+------+--------------+--------------+--------------+--------------+------+------------------------------------+


Encoding Type:  One-Hot
+-------------------------------------------------------------------------------------------------------------------------------------------------------------------------------------+
; State Machine - |key_expansion|state                                                                                                                                                ;
+-------------------+-----------------+-------------------+-------------------+-------------------+-------------------+----------------+-------------------+------------+-------------+
; Name              ; state.end_round ; state.sub_bytes_3 ; state.sub_bytes_2 ; state.sub_bytes_1 ; state.sub_bytes_0 ; state.init_sub ; state.shift_words ; state.idle ; state.start ;
+-------------------+-----------------+-------------------+-------------------+-------------------+-------------------+----------------+-------------------+------------+-------------+
; state.start       ; 0               ; 0                 ; 0                 ; 0                 ; 0                 ; 0              ; 0                 ; 0          ; 0           ;
; state.idle        ; 0               ; 0                 ; 0                 ; 0                 ; 0                 ; 0              ; 0                 ; 1          ; 1           ;
; state.shift_words ; 0               ; 0                 ; 0                 ; 0                 ; 0                 ; 0              ; 1                 ; 0          ; 1           ;
; state.init_sub    ; 0               ; 0                 ; 0                 ; 0                 ; 0                 ; 1              ; 0                 ; 0          ; 1           ;
; state.sub_bytes_0 ; 0               ; 0                 ; 0                 ; 0                 ; 1                 ; 0              ; 0                 ; 0          ; 1           ;
; state.sub_bytes_1 ; 0               ; 0                 ; 0                 ; 1                 ; 0                 ; 0              ; 0                 ; 0          ; 1           ;
; state.sub_bytes_2 ; 0               ; 0                 ; 1                 ; 0                 ; 0                 ; 0              ; 0                 ; 0          ; 1           ;
; state.sub_bytes_3 ; 0               ; 1                 ; 0                 ; 0                 ; 0                 ; 0              ; 0                 ; 0          ; 1           ;
; state.end_round   ; 1               ; 0                 ; 0                 ; 0                 ; 0                 ; 0              ; 0                 ; 0          ; 1           ;
+-------------------+-----------------+-------------------+-------------------+-------------------+-------------------+----------------+-------------------+------------+-------------+


+---------------------------------------------------------------------------------+
; Registers Removed During Synthesis                                              ;
+----------------------------------------+----------------------------------------+
; Register name                          ; Reason for Removal                     ;
+----------------------------------------+----------------------------------------+
; rcon[2][7]                             ; Stuck at GND due to stuck port data_in ;
; rcon[2][6]                             ; Stuck at GND due to stuck port data_in ;
; rcon[2][5]                             ; Stuck at GND due to stuck port data_in ;
; rcon[2][4]                             ; Stuck at GND due to stuck port data_in ;
; rcon[2][3]                             ; Stuck at GND due to stuck port data_in ;
; rcon[2][2]                             ; Stuck at GND due to stuck port data_in ;
; rcon[2][1]                             ; Stuck at GND due to stuck port data_in ;
; rcon[2][0]                             ; Stuck at GND due to stuck port data_in ;
; rcon[1][7]                             ; Stuck at GND due to stuck port data_in ;
; rcon[1][6]                             ; Stuck at GND due to stuck port data_in ;
; rcon[1][5]                             ; Stuck at GND due to stuck port data_in ;
; rcon[1][4]                             ; Stuck at GND due to stuck port data_in ;
; rcon[1][3]                             ; Stuck at GND due to stuck port data_in ;
; rcon[1][2]                             ; Stuck at GND due to stuck port data_in ;
; rcon[1][1]                             ; Stuck at GND due to stuck port data_in ;
; rcon[1][0]                             ; Stuck at GND due to stuck port data_in ;
; rcon[0][7]                             ; Stuck at GND due to stuck port data_in ;
; rcon[0][6]                             ; Stuck at GND due to stuck port data_in ;
; rcon[0][5]                             ; Stuck at GND due to stuck port data_in ;
; rcon[0][4]                             ; Stuck at GND due to stuck port data_in ;
; rcon[0][3]                             ; Stuck at GND due to stuck port data_in ;
; rcon[0][2]                             ; Stuck at GND due to stuck port data_in ;
; rcon[0][1]                             ; Stuck at GND due to stuck port data_in ;
; rcon[0][0]                             ; Stuck at GND due to stuck port data_in ;
; Total Number of Removed Registers = 24 ;                                        ;
+----------------------------------------+----------------------------------------+


+------------------------------------------------------+
; General Register Statistics                          ;
+----------------------------------------------+-------+
; Statistic                                    ; Value ;
+----------------------------------------------+-------+
; Total registers                              ; 183   ;
; Number of registers using Synchronous Clear  ; 15    ;
; Number of registers using Synchronous Load   ; 20    ;
; Number of registers using Asynchronous Clear ; 9     ;
; Number of registers using Asynchronous Load  ; 0     ;
; Number of registers using Clock Enable       ; 174   ;
; Number of registers using Preset             ; 0     ;
+----------------------------------------------+-------+


+---------------------------------------------------------------------------+
; Registers Packed Into Inferred Megafunctions                              ;
+--------------------------------+-----------------------------------+------+
; Register Name                  ; Megafunction                      ; Type ;
+--------------------------------+-----------------------------------+------+
; sbox_rom_sinc:AES_sbox|q[0..7] ; sbox_rom_sinc:AES_sbox|Mux7_rtl_0 ; ROM  ;
+--------------------------------+-----------------------------------+------+


+-----------------------------------------------------------------------------------------------------------------------------------------------------------+
; Multiplexer Restructuring Statistics (Restructuring Performed)                                                                                            ;
+--------------------+-----------+---------------+----------------------+------------------------+------------+---------------------------------------------+
; Multiplexer Inputs ; Bus Width ; Baseline Area ; Area if Restructured ; Saving if Restructured ; Registered ; Example Multiplexer Output                  ;
+--------------------+-----------+---------------+----------------------+------------------------+------------+---------------------------------------------+
; 3:1                ; 8 bits    ; 16 LEs        ; 16 LEs               ; 0 LEs                  ; Yes        ; |key_expansion|word_register:word_3|out3[3] ;
; 3:1                ; 7 bits    ; 14 LEs        ; 14 LEs               ; 0 LEs                  ; No         ; |key_expansion|rcon                         ;
; 4:1                ; 8 bits    ; 16 LEs        ; 16 LEs               ; 0 LEs                  ; No         ; |key_expansion|mux4to1_8:sbox_mux|Mux0      ;
+--------------------+-----------+---------------+----------------------+------------------------+------------+---------------------------------------------+


+----------------------------------------------------------------------------------------------------+
; Source assignments for sbox_rom_sinc:AES_sbox|altsyncram:Mux7_rtl_0|altsyncram_md11:auto_generated ;
+---------------------------------+--------------------+------+--------------------------------------+
; Assignment                      ; Value              ; From ; To                                   ;
+---------------------------------+--------------------+------+--------------------------------------+
; OPTIMIZE_POWER_DURING_SYNTHESIS ; NORMAL_COMPILATION ; -    ; -                                    ;
+---------------------------------+--------------------+------+--------------------------------------+


+-----------------------------------------------------------------------------------------------+
; Parameter Settings for Inferred Entity Instance: sbox_rom_sinc:AES_sbox|altsyncram:Mux7_rtl_0 ;
+------------------------------------+------------------------------------+---------------------+
; Parameter Name                     ; Value                              ; Type                ;
+------------------------------------+------------------------------------+---------------------+
; BYTE_SIZE_BLOCK                    ; 8                                  ; Untyped             ;
; AUTO_CARRY_CHAINS                  ; ON                                 ; AUTO_CARRY          ;
; IGNORE_CARRY_BUFFERS               ; OFF                                ; IGNORE_CARRY        ;
; AUTO_CASCADE_CHAINS                ; ON                                 ; AUTO_CASCADE        ;
; IGNORE_CASCADE_BUFFERS             ; OFF                                ; IGNORE_CASCADE      ;
; WIDTH_BYTEENA                      ; 1                                  ; Untyped             ;
; OPERATION_MODE                     ; ROM                                ; Untyped             ;
; WIDTH_A                            ; 8                                  ; Untyped             ;
; WIDTHAD_A                          ; 8                                  ; Untyped             ;
; NUMWORDS_A                         ; 256                                ; Untyped             ;
; OUTDATA_REG_A                      ; UNREGISTERED                       ; Untyped             ;
; ADDRESS_ACLR_A                     ; NONE                               ; Untyped             ;
; OUTDATA_ACLR_A                     ; NONE                               ; Untyped             ;
; WRCONTROL_ACLR_A                   ; NONE                               ; Untyped             ;
; INDATA_ACLR_A                      ; NONE                               ; Untyped             ;
; BYTEENA_ACLR_A                     ; NONE                               ; Untyped             ;
; WIDTH_B                            ; 1                                  ; Untyped             ;
; WIDTHAD_B                          ; 1                                  ; Untyped             ;
; NUMWORDS_B                         ; 1                                  ; Untyped             ;
; INDATA_REG_B                       ; CLOCK1                             ; Untyped             ;
; WRCONTROL_WRADDRESS_REG_B          ; CLOCK1                             ; Untyped             ;
; RDCONTROL_REG_B                    ; CLOCK1                             ; Untyped             ;
; ADDRESS_REG_B                      ; CLOCK1                             ; Untyped             ;
; OUTDATA_REG_B                      ; UNREGISTERED                       ; Untyped             ;
; BYTEENA_REG_B                      ; CLOCK1                             ; Untyped             ;
; INDATA_ACLR_B                      ; NONE                               ; Untyped             ;
; WRCONTROL_ACLR_B                   ; NONE                               ; Untyped             ;
; ADDRESS_ACLR_B                     ; NONE                               ; Untyped             ;
; OUTDATA_ACLR_B                     ; NONE                               ; Untyped             ;
; RDCONTROL_ACLR_B                   ; NONE                               ; Untyped             ;
; BYTEENA_ACLR_B                     ; NONE                               ; Untyped             ;
; WIDTH_BYTEENA_A                    ; 1                                  ; Untyped             ;
; WIDTH_BYTEENA_B                    ; 1                                  ; Untyped             ;
; RAM_BLOCK_TYPE                     ; AUTO                               ; Untyped             ;
; BYTE_SIZE                          ; 8                                  ; Untyped             ;
; READ_DURING_WRITE_MODE_MIXED_PORTS ; DONT_CARE                          ; Untyped             ;
; READ_DURING_WRITE_MODE_PORT_A      ; NEW_DATA_NO_NBE_READ               ; Untyped             ;
; READ_DURING_WRITE_MODE_PORT_B      ; NEW_DATA_NO_NBE_READ               ; Untyped             ;
; INIT_FILE                          ; key_expanse.key_expansion0.rtl.mif ; Untyped             ;
; INIT_FILE_LAYOUT                   ; PORT_A                             ; Untyped             ;
; MAXIMUM_DEPTH                      ; 0                                  ; Untyped             ;
; CLOCK_ENABLE_INPUT_A               ; NORMAL                             ; Untyped             ;
; CLOCK_ENABLE_INPUT_B               ; NORMAL                             ; Untyped             ;
; CLOCK_ENABLE_OUTPUT_A              ; NORMAL                             ; Untyped             ;
; CLOCK_ENABLE_OUTPUT_B              ; NORMAL                             ; Untyped             ;
; CLOCK_ENABLE_CORE_A                ; USE_INPUT_CLKEN                    ; Untyped             ;
; CLOCK_ENABLE_CORE_B                ; USE_INPUT_CLKEN                    ; Untyped             ;
; ENABLE_ECC                         ; FALSE                              ; Untyped             ;
; ECC_PIPELINE_STAGE_ENABLED         ; FALSE                              ; Untyped             ;
; WIDTH_ECCSTATUS                    ; 3                                  ; Untyped             ;
; DEVICE_FAMILY                      ; Cyclone III                        ; Untyped             ;
; CBXI_PARAMETER                     ; altsyncram_md11                    ; Untyped             ;
+------------------------------------+------------------------------------+---------------------+
Note: In order to hide this table in the UI and the text report file, please set the "Show Parameter Settings in Synthesis Report" option in "Analysis and Synthesis Settings -> More Settings" to "Off".


+------------------------------------------------------------------------------------------+
; altsyncram Parameter Settings by Entity Instance                                         ;
+-------------------------------------------+----------------------------------------------+
; Name                                      ; Value                                        ;
+-------------------------------------------+----------------------------------------------+
; Number of entity instances                ; 1                                            ;
; Entity Instance                           ; sbox_rom_sinc:AES_sbox|altsyncram:Mux7_rtl_0 ;
;     -- OPERATION_MODE                     ; ROM                                          ;
;     -- WIDTH_A                            ; 8                                            ;
;     -- NUMWORDS_A                         ; 256                                          ;
;     -- OUTDATA_REG_A                      ; UNREGISTERED                                 ;
;     -- WIDTH_B                            ; 1                                            ;
;     -- NUMWORDS_B                         ; 1                                            ;
;     -- ADDRESS_REG_B                      ; CLOCK1                                       ;
;     -- OUTDATA_REG_B                      ; UNREGISTERED                                 ;
;     -- RAM_BLOCK_TYPE                     ; AUTO                                         ;
;     -- READ_DURING_WRITE_MODE_MIXED_PORTS ; DONT_CARE                                    ;
+-------------------------------------------+----------------------------------------------+


+-----------------------------------------------+
; Port Connectivity Checks: "mux2to1_32:mux_w3" ;
+------------+-------+----------+---------------+
; Port       ; Type  ; Severity ; Details       ;
+------------+-------+----------+---------------+
; d0[24..22] ; Input ; Info     ; Stuck at VCC  ;
; d0[19..16] ; Input ; Info     ; Stuck at VCC  ;
; d0[11..8]  ; Input ; Info     ; Stuck at VCC  ;
; d0[5..2]   ; Input ; Info     ; Stuck at VCC  ;
; d0[31..28] ; Input ; Info     ; Stuck at GND  ;
; d0[26..25] ; Input ; Info     ; Stuck at GND  ;
; d0[21..20] ; Input ; Info     ; Stuck at GND  ;
; d0[13..12] ; Input ; Info     ; Stuck at GND  ;
; d0[7..6]   ; Input ; Info     ; Stuck at GND  ;
; d0[1..0]   ; Input ; Info     ; Stuck at GND  ;
; d0[27]     ; Input ; Info     ; Stuck at VCC  ;
; d0[15]     ; Input ; Info     ; Stuck at GND  ;
; d0[14]     ; Input ; Info     ; Stuck at VCC  ;
+------------+-------+----------+---------------+


+-----------------------------------------------+
; Port Connectivity Checks: "mux2to1_32:mux_w2" ;
+------------+-------+----------+---------------+
; Port       ; Type  ; Severity ; Details       ;
+------------+-------+----------+---------------+
; d0[25..20] ; Input ; Info     ; Stuck at VCC  ;
; d0[18..16] ; Input ; Info     ; Stuck at VCC  ;
; d0[8..7]   ; Input ; Info     ; Stuck at VCC  ;
; d0[15..13] ; Input ; Info     ; Stuck at GND  ;
; d0[6..4]   ; Input ; Info     ; Stuck at GND  ;
; d0[2..0]   ; Input ; Info     ; Stuck at GND  ;
; d0[31]     ; Input ; Info     ; Stuck at VCC  ;
; d0[30]     ; Input ; Info     ; Stuck at GND  ;
; d0[29]     ; Input ; Info     ; Stuck at VCC  ;
; d0[28]     ; Input ; Info     ; Stuck at GND  ;
; d0[27]     ; Input ; Info     ; Stuck at VCC  ;
; d0[26]     ; Input ; Info     ; Stuck at GND  ;
; d0[19]     ; Input ; Info     ; Stuck at GND  ;
; d0[12]     ; Input ; Info     ; Stuck at VCC  ;
; d0[11]     ; Input ; Info     ; Stuck at GND  ;
; d0[10]     ; Input ; Info     ; Stuck at VCC  ;
; d0[9]      ; Input ; Info     ; Stuck at GND  ;
; d0[3]      ; Input ; Info     ; Stuck at VCC  ;
+------------+-------+----------+---------------+


+-----------------------------------------------+
; Port Connectivity Checks: "mux2to1_32:mux_w1" ;
+------------+-------+----------+---------------+
; Port       ; Type  ; Severity ; Details       ;
+------------+-------+----------+---------------+
; d0[19..17] ; Input ; Info     ; Stuck at VCC  ;
; d0[15..14] ; Input ; Info     ; Stuck at VCC  ;
; d0[2..1]   ; Input ; Info     ; Stuck at VCC  ;
; d0[31..30] ; Input ; Info     ; Stuck at GND  ;
; d0[26..24] ; Input ; Info     ; Stuck at GND  ;
; d0[11..10] ; Input ; Info     ; Stuck at GND  ;
; d0[4..3]   ; Input ; Info     ; Stuck at GND  ;
; d0[29]     ; Input ; Info     ; Stuck at VCC  ;
; d0[28]     ; Input ; Info     ; Stuck at GND  ;
; d0[27]     ; Input ; Info     ; Stuck at VCC  ;
; d0[23]     ; Input ; Info     ; Stuck at VCC  ;
; d0[22]     ; Input ; Info     ; Stuck at GND  ;
; d0[21]     ; Input ; Info     ; Stuck at VCC  ;
; d0[20]     ; Input ; Info     ; Stuck at GND  ;
; d0[16]     ; Input ; Info     ; Stuck at GND  ;
; d0[13]     ; Input ; Info     ; Stuck at GND  ;
; d0[12]     ; Input ; Info     ; Stuck at VCC  ;
; d0[9]      ; Input ; Info     ; Stuck at VCC  ;
; d0[8]      ; Input ; Info     ; Stuck at GND  ;
; d0[7]      ; Input ; Info     ; Stuck at VCC  ;
; d0[6]      ; Input ; Info     ; Stuck at GND  ;
; d0[5]      ; Input ; Info     ; Stuck at VCC  ;
; d0[0]      ; Input ; Info     ; Stuck at GND  ;
+------------+-------+----------+---------------+


+-----------------------------------------------+
; Port Connectivity Checks: "mux2to1_32:mux_w0" ;
+------------+-------+----------+---------------+
; Port       ; Type  ; Severity ; Details       ;
+------------+-------+----------+---------------+
; d0[25..24] ; Input ; Info     ; Stuck at VCC  ;
; d0[22..17] ; Input ; Info     ; Stuck at VCC  ;
; d0[2..1]   ; Input ; Info     ; Stuck at VCC  ;
; d0[31..30] ; Input ; Info     ; Stuck at GND  ;
; d0[16..13] ; Input ; Info     ; Stuck at GND  ;
; d0[7..5]   ; Input ; Info     ; Stuck at GND  ;
; d0[29]     ; Input ; Info     ; Stuck at VCC  ;
; d0[28]     ; Input ; Info     ; Stuck at GND  ;
; d0[27]     ; Input ; Info     ; Stuck at VCC  ;
; d0[26]     ; Input ; Info     ; Stuck at GND  ;
; d0[23]     ; Input ; Info     ; Stuck at GND  ;
; d0[12]     ; Input ; Info     ; Stuck at VCC  ;
; d0[11]     ; Input ; Info     ; Stuck at GND  ;
; d0[10]     ; Input ; Info     ; Stuck at VCC  ;
; d0[9]      ; Input ; Info     ; Stuck at GND  ;
; d0[8]      ; Input ; Info     ; Stuck at VCC  ;
; d0[4]      ; Input ; Info     ; Stuck at VCC  ;
; d0[3]      ; Input ; Info     ; Stuck at GND  ;
; d0[0]      ; Input ; Info     ; Stuck at GND  ;
+------------+-------+----------+---------------+


+-------------------------------+
; Elapsed Time Per Partition    ;
+----------------+--------------+
; Partition Name ; Elapsed Time ;
+----------------+--------------+
; Top            ; 00:00:00     ;
+----------------+--------------+


+-------------------------------+
; Analysis & Synthesis Messages ;
+-------------------------------+
Info: *******************************************************************
Info: Running Quartus II 64-Bit Analysis & Synthesis
    Info: Version 13.0.1 Build 232 06/12/2013 Service Pack 1 SJ Web Edition
    Info: Processing started: Wed Feb 25 18:01:04 2026
Info: Command: quartus_map --read_settings_files=on --write_settings_files=off key_expanse -c key_expanse
Warning (20028): Parallel compilation is not licensed and has been disabled
Info (12021): Found 2 design units, including 1 entities, in source file word_register.vhd
    Info (12022): Found design unit 1: word_register-behave
    Info (12023): Found entity 1: word_register
Info (12021): Found 2 design units, including 1 entities, in source file key_expansion.vhd
    Info (12022): Found design unit 1: key_expansion-behave
    Info (12023): Found entity 1: key_expansion
Info (12021): Found 2 design units, including 1 entities, in source file mux2to1_32.vhd
    Info (12022): Found design unit 1: mux2to1_32-Behavioral
    Info (12023): Found entity 1: mux2to1_32
Info (12021): Found 2 design units, including 1 entities, in source file mux4to1_8.vhd
    Info (12022): Found design unit 1: mux4to1_8-Behavioral
    Info (12023): Found entity 1: mux4to1_8
Info (12021): Found 2 design units, including 1 entities, in source file demux1to4.vhd
    Info (12022): Found design unit 1: demux1to4-Behavioral
    Info (12023): Found entity 1: demux1to4
Info (12021): Found 2 design units, including 1 entities, in source file byte_register.vhd
    Info (12022): Found design unit 1: byte_register-behave
    Info (12023): Found entity 1: byte_register
Info (12021): Found 2 design units, including 1 entities, in source file sbox_rom_sinc.vhd
    Info (12022): Found design unit 1: sbox_rom_sinc-Behavioral
    Info (12023): Found entity 1: sbox_rom_sinc
Info (12127): Elaborating entity "key_expansion" for the top level hierarchy
Info (12128): Elaborating entity "word_register" for hierarchy "word_register:word_0"
Info (12128): Elaborating entity "mux2to1_32" for hierarchy "mux2to1_32:mux_w0"
Info (12128): Elaborating entity "mux4to1_8" for hierarchy "mux4to1_8:sbox_mux"
Info (12128): Elaborating entity "sbox_rom_sinc" for hierarchy "sbox_rom_sinc:AES_sbox"
Info (12128): Elaborating entity "demux1to4" for hierarchy "demux1to4:demux_out_sbox"
Info (12128): Elaborating entity "byte_register" for hierarchy "byte_register:aux_register_0"
Info (19000): Inferred 1 megafunctions from design logic
    Info (276031): Inferred altsyncram megafunction from the following design logic: "sbox_rom_sinc:AES_sbox|Mux7_rtl_0"
        Info (286033): Parameter OPERATION_MODE set to ROM
        Info (286033): Parameter WIDTH_A set to 8
        Info (286033): Parameter WIDTHAD_A set to 8
        Info (286033): Parameter NUMWORDS_A set to 256
        Info (286033): Parameter OUTDATA_REG_A set to UNREGISTERED
        Info (286033): Parameter RAM_BLOCK_TYPE set to AUTO
        Info (286033): Parameter INIT_FILE set to key_expanse.key_expansion0.rtl.mif
Info (12130): Elaborated megafunction instantiation "sbox_rom_sinc:AES_sbox|altsyncram:Mux7_rtl_0"
Info (12133): Instantiated megafunction "sbox_rom_sinc:AES_sbox|altsyncram:Mux7_rtl_0" with the following parameter:
    Info (12134): Parameter "OPERATION_MODE" = "ROM"
    Info (12134): Parameter "WIDTH_A" = "8"
    Info (12134): Parameter "WIDTHAD_A" = "8"
    Info (12134): Parameter "NUMWORDS_A" = "256"
    Info (12134): Parameter "OUTDATA_REG_A" = "UNREGISTERED"
    Info (12134): Parameter "RAM_BLOCK_TYPE" = "AUTO"
    Info (12134): Parameter "INIT_FILE" = "key_expanse.key_expansion0.rtl.mif"
Info (12021): Found 1 design units, including 1 entities, in source file db/altsyncram_md11.tdf
    Info (12023): Found entity 1: altsyncram_md11
Warning (13024): Output pins are stuck at VCC or GND
    Warning (13410): Pin "rcon_out[0]" is stuck at GND
    Warning (13410): Pin "rcon_out[1]" is stuck at GND
    Warning (13410): Pin "rcon_out[2]" is stuck at GND
    Warning (13410): Pin "rcon_out[3]" is stuck at GND
    Warning (13410): Pin "rcon_out[4]" is stuck at GND
    Warning (13410): Pin "rcon_out[5]" is stuck at GND
    Warning (13410): Pin "rcon_out[6]" is stuck at GND
    Warning (13410): Pin "rcon_out[7]" is stuck at GND
    Warning (13410): Pin "rcon_out[8]" is stuck at GND
    Warning (13410): Pin "rcon_out[9]" is stuck at GND
    Warning (13410): Pin "rcon_out[10]" is stuck at GND
    Warning (13410): Pin "rcon_out[11]" is stuck at GND
    Warning (13410): Pin "rcon_out[12]" is stuck at GND
    Warning (13410): Pin "rcon_out[13]" is stuck at GND
    Warning (13410): Pin "rcon_out[14]" is stuck at GND
    Warning (13410): Pin "rcon_out[15]" is stuck at GND
    Warning (13410): Pin "rcon_out[16]" is stuck at GND
    Warning (13410): Pin "rcon_out[17]" is stuck at GND
    Warning (13410): Pin "rcon_out[18]" is stuck at GND
    Warning (13410): Pin "rcon_out[19]" is stuck at GND
    Warning (13410): Pin "rcon_out[20]" is stuck at GND
    Warning (13410): Pin "rcon_out[21]" is stuck at GND
    Warning (13410): Pin "rcon_out[22]" is stuck at GND
    Warning (13410): Pin "rcon_out[23]" is stuck at GND
Info (286030): Timing-Driven Synthesis is running
Info (16010): Generating hard_block partition "hard_block:auto_generated_inst"
    Info (16011): Adding 0 node(s), including 0 DDIO, 0 PLL, 0 transceiver and 0 LCELL
Info (21057): Implemented 340 device resources after synthesis - the final resource count might be different
    Info (21058): Implemented 2 input pins
    Info (21059): Implemented 101 output pins
    Info (21061): Implemented 229 logic cells
    Info (21064): Implemented 8 RAM segments
Info: Quartus II 64-Bit Analysis & Synthesis was successful. 0 errors, 26 warnings
    Info: Peak virtual memory: 4629 megabytes
    Info: Processing ended: Wed Feb 25 18:01:06 2026
    Info: Elapsed time: 00:00:02
    Info: Total CPU time (on all processors): 00:00:02


