Flow report for key_expanse
Wed Mar 18 10:24:48 2026
Quartus II 64-Bit Version 13.0.1 Build 232 06/12/2013 Service Pack 1 SJ Web Edition


---------------------
; Table of Contents ;
---------------------
  1. Legal Notice
  2. Flow Summary
  3. Flow Settings
  4. Flow Non-Default Global Settings
  5. Flow Elapsed Time
  6. Flow OS Summary
  7. Flow Log
  8. Flow Messages
  9. Flow Suppressed Messages



----------------
; Legal Notice ;
----------------
Copyright (C) 1991-2013 Altera Corporation
Your use of Altera Corporation's design tools, logic functions 
and other software and tools, and its AMPP partner logic 
functions, and any output files from any of the foregoing 
(including device programming or simulation files), and any 
associated documentation or information are expressly subject 
to the terms and conditions of the Altera Program License 
Subscription Agreement, Altera MegaCore Function License 
Agreement, or other applicable license agreement, including, 
without limitation, that your use is for the sole purpose of 
programming logic devices manufactured by Altera and sold by 
Altera or its authorized distributors.  Please refer to the 
applicable agreement for further details.



+--------------------------------------------------------------------------------------+
; Flow Summary                                                                         ;
+------------------------------------+-------------------------------------------------+
; Flow Status                        ; Successful - Wed Mar 18 10:24:48 2026           ;
; Quartus II 64-Bit Version          ; 13.0.1 Build 232 06/12/2013 SP 1 SJ Web Edition ;
; Revision Name                      ; key_expanse                                     ;
; Top-level Entity Name              ; key_expansion                                   ;
; Family                             ; Cyclone III                                     ;
; Total logic elements               ; 285 / 5,136 ( 6 % )                             ;
;     Total combinational functions  ; 256 / 5,136 ( 5 % )                             ;
;     Dedicated logic registers      ; 248 / 5,136 ( 5 % )                             ;
; Total registers                    ; 248                                             ;
; Total pins                         ; 103 / 183 ( 56 % )                              ;
; Total virtual pins                 ; 0                                               ;
; Total memory bits                  ; 2,048 / 423,936 ( < 1 % )                       ;
; Embedded Multiplier 9-bit elements ; 0 / 46 ( 0 % )                                  ;
; Total PLLs                         ; 0 / 2 ( 0 % )                                   ;
; Device                             ; EP3C5F256C6                                     ;
; Timing Models                      ; Final                                           ;
+------------------------------------+-------------------------------------------------+


+-----------------------------------------+
; Flow Settings                           ;
+-------------------+---------------------+
; Option            ; Setting             ;
+-------------------+---------------------+
; Start date & time ; 03/18/2026 10:23:05 ;
; Main task         ; Compilation         ;
; Revision Name     ; key_expanse         ;
+-------------------+---------------------+


+-----------------------------------------------------------------------------------------------------------------------+
; Flow Non-Default Global Settings                                                                                      ;
+-------------------------------------+--------------------------------+---------------+---------------+----------------+
; Assignment Name                     ; Value                          ; Default Value ; Entity Name   ; Section Id     ;
+-------------------------------------+--------------------------------+---------------+---------------+----------------+
; COMPILER_SIGNATURE_ID               ; 88945705703960.177384018500592 ; --            ; --            ; --             ;
; EDA_GENERATE_FUNCTIONAL_NETLIST     ; On                             ; --            ; --            ; eda_simulation ;
; EDA_OUTPUT_DATA_FORMAT              ; Verilog Hdl                    ; --            ; --            ; eda_simulation ;
; EDA_SIMULATION_TOOL                 ; ModelSim-Altera (Verilog)      ; <None>        ; --            ; --             ;
; PARTITION_COLOR                     ; 16764057                       ; --            ; key_expansion ; Top            ;
; PARTITION_FITTER_PRESERVATION_LEVEL ; PLACEMENT_AND_ROUTING          ; --            ; key_expansion ; Top            ;
; PARTITION_NETLIST_TYPE              ; SOURCE                         ; --            ; key_expansion ; Top            ;
; PROJECT_OUTPUT_DIRECTORY            ; output_files                   ; --            ; --            ; --             ;
; TOP_LEVEL_ENTITY                    ; key_expansion                  ; key_expanse   ; --            ; --             ;
+-------------------------------------+--------------------------------+---------------+---------------+----------------+


+-------------------------------------------------------------------------------------------------------------------------------+
; Flow Elapsed Time                                                                                                             ;
+---------------------------+--------------+-------------------------+---------------------+------------------------------------+
; Module Name               ; Elapsed Time ; Average Processors Used ; Peak Virtual Memory ; Total CPU Time (on all processors) ;
+---------------------------+--------------+-------------------------+---------------------+------------------------------------+
; Analysis & Synthesis      ; 00:00:05     ; 1.0                     ; 4628 MB             ; 00:00:03                           ;
; Fitter                    ; 00:00:10     ; 1.0                     ; 4891 MB             ; 00:00:08                           ;
; Assembler                 ; 00:00:02     ; 1.0                     ; 4524 MB             ; 00:00:02                           ;
; TimeQuest Timing Analyzer ; 00:00:03     ; 1.0                     ; 4577 MB             ; 00:00:03                           ;
; EDA Netlist Writer        ; 00:00:01     ; 1.0                     ; 4498 MB             ; 00:00:01                           ;
; EDA Netlist Writer        ; 00:00:01     ; 1.0                     ; 4505 MB             ; 00:00:01                           ;
; EDA Netlist Writer        ; 00:00:02     ; 1.0                     ; 4505 MB             ; 00:00:01                           ;
; Total                     ; 00:00:24     ; --                      ; --                  ; 00:00:19                           ;
+---------------------------+--------------+-------------------------+---------------------+------------------------------------+


+----------------------------------------------------------------------------------------+
; Flow OS Summary                                                                        ;
+---------------------------+------------------+-----------+------------+----------------+
; Module Name               ; Machine Hostname ; OS Name   ; OS Version ; Processor type ;
+---------------------------+------------------+-----------+------------+----------------+
; Analysis & Synthesis      ; DESKTOP-QK5IAJE  ; Windows 7 ; 6.2        ; x86_64         ;
; Fitter                    ; DESKTOP-QK5IAJE  ; Windows 7 ; 6.2        ; x86_64         ;
; Assembler                 ; DESKTOP-QK5IAJE  ; Windows 7 ; 6.2        ; x86_64         ;
; TimeQuest Timing Analyzer ; DESKTOP-QK5IAJE  ; Windows 7 ; 6.2        ; x86_64         ;
; EDA Netlist Writer        ; DESKTOP-QK5IAJE  ; Windows 7 ; 6.2        ; x86_64         ;
; EDA Netlist Writer        ; DESKTOP-QK5IAJE  ; Windows 7 ; 6.2        ; x86_64         ;
; EDA Netlist Writer        ; DESKTOP-QK5IAJE  ; Windows 7 ; 6.2        ; x86_64         ;
+---------------------------+------------------+-----------+------------+----------------+


------------
; Flow Log ;
------------
quartus_map --read_settings_files=on --write_settings_files=off key_expanse -c key_expanse
quartus_fit --read_settings_files=off --write_settings_files=off key_expanse -c key_expanse
quartus_asm --read_settings_files=off --write_settings_files=off key_expanse -c key_expanse
quartus_sta key_expanse -c key_expanse
quartus_eda --read_settings_files=off --write_settings_files=off key_expanse -c key_expanse
quartus_eda --gen_testbench --check_outputs=on --tool=modelsim_oem --format=verilog key_expanse -c key_expanse --vector_source="C:/Users/LSC/agustin-spennato/expansor de clave_192/Waveform6.vwf" --testbench_file=./simulation/qsim/key_expanse.vt
quartus_eda --functional=on --simulation=on --tool=modelsim_oem --format=verilog key_expanse -c key_expanse



